exe内文本.txt cp932
exe内文本_CN.txt gbk
exe内文本_JIS.txt cp932
chr\Object_CN.txt utf-8
chr\Object_JIS.txt cp932
chr\Object_JIS_Instead.txt cp932
equip\EQUIP.tbl BINARY-skip-Phase5
equip\guardian.tbl cp932
map\Final_Size_Control\area00\MP_0040.scp cp932
map\Final_Size_Control\area00\MP_0041.scp cp932
map\Final_Size_Control\area00\MP_0042.scp cp932
map\Final_Size_Control\area00\MP_0043.scp cp932
map\Final_Size_Control\area00\MP_0086.scp cp932
map\Final_Size_Control\area00\MP_0088.scp cp932
map\Final_Size_Control\area00\MP_008c.scp cp932
map\Final_Size_Control\area00\MP_0091.scp cp932
map\Final_Size_Control\area00\MP_0093.scp cp932
map\Final_Size_Control\area00\MP_0094.scp cp932
map\Final_Size_Control\area00\MP_0095.scp cp932
map\Final_Size_Control\area00\MP_0096.scp cp932
map\Final_Size_Control\area00\MP_0097.scp cp932
map\Final_Size_Control\area00\MP_0098.scp cp932
map\Final_Size_Control\area00\MP_009a.scp cp932
map\Final_Size_Control\area00\MP_009b.scp cp932
map\Final_Size_Control\area00\MP_009d.scp cp932
map\Final_Size_Control\area00\MP_009e.scp cp932
map\Final_Size_Control\area00\MP_00a0.scp cp932
map\Final_Size_Control\area00\_MP_0093.scp cp932
map\Final_Size_Control\area00\乮媩栴挷惍慜乯MP_0086.scp cp932
map\Final_Size_Control\area00\僐僺乕 (2) 乣 MP_0095.scp cp932
map\Final_Size_Control\area00\僐僺乕 乣 MP_0093.scp cp932
map\Final_Size_Control\area00\僐僺乕 乣 MP_0095.scp cp932
map\Final_Size_Control\area00\僐僺乕 乣 MP_0097.scp cp932
map\Final_Size_Control\area00\僐僺乕 乣 MP_00a0.scp cp932
map\Final_Size_Control\area05\MP_0560.scp cp932
map\Final_Size_Control\area05\MP_0561.scp cp932
map\Final_Size_Control\area05\MP_0563.scp cp932
map\Final_Size_Control\area05\MP_0566.scp cp932
map\Final_Size_Control\area05\MP_0567.scp cp932
map\Final_Size_Control\area05\MP_0569.scp cp932
map\Final_Size_Control\area05\MP_056b.scp cp932
map\Final_Size_Control\area05\MP_056d.scp cp932
map\Final_Size_Control\area05\MP_056e.scp cp932
map\Final_Size_Control\area05\MP_056f.scp cp932
map\Final_Size_Control\area05\MP_0573.scp cp932
map\Final_Size_Control\area05\MP_0574.scp cp932
map\Final_Size_Control\area05\MP_0575.scp cp932
map\Final_Size_Control\area05\MP_0577.scp cp932
map\Final_Size_Control\area05\MP_0578.scp cp932
map\Final_Size_Control\area05\MP_0579.scp cp932
map\Final_Size_Control\area05\MP_057a.scp cp932
map\Final_Size_Control\area05\MP_057c.scp cp932
map\Final_Size_Control\area05\MP_0580.scp cp932
map\Final_Size_Control\area05\MP_0581.scp cp932
map\Final_Size_Control\area05\MP_0587.scp cp932
map\Final_Size_Control\area05\MP_0588.scp cp932
map\Final_Size_Control\area05\MP_0593.scp cp932
map\Final_Size_Control\area05\MP_0594.scp cp932
map\Final_Size_Control\area05\MP_0598.scp cp932
map\Final_Size_Control\area05\MP_0598_backup.scp cp932
map\Final_Size_Control\area05\MP_0599.scp cp932
map\Final_Size_Control\area05\MP_05a1.scp cp932
map\Final_Size_Control\area05\MP_05a2.scp cp932
map\Final_Size_Control\area05\MP_05a3.scp cp932
map\Final_Size_Control\area05\MP_05a7.scp cp932
map\Final_Size_Control\area05\MP_05aa.scp cp932
map\Final_Size_Control\area05\MP_05ab.scp cp932
map\Final_Size_Control\area05\MP_05ae.scp cp932
map\Final_Size_Control\area05\MP_05af.scp cp932
map\Final_Size_Control\area05\MP_05b1.scp cp932
map\Final_Size_Control\area05\MP_05b2.scp cp932
map\Final_Size_Control\area05\MP_05b5.scp cp932
map\Final_Size_Control\area05\MP_05b6.scp cp932
map\Final_Size_Control\area05\MP_05b7.scp cp932
map\Final_Size_Control\area05\MP_05c0.scp cp932
map\Final_Size_Control\area05\MP_05c5.scp cp932
map\Final_Size_Control\area05\MP_05c7.scp cp932
map\Final_Size_Control\area05\MP_05c8.scp cp932
map\Final_Size_Control\area05\MP_05d1.scp cp932
map\Final_Size_Control\area05\MP_05d3.scp cp932
map\Final_Size_Control\area05\MP_05d6.scp cp932
map\Final_Size_Control\area05\MP_05d8.scp cp932
map\Final_Size_Control\area05\MP_05d8_20050617.scp cp932
map\Final_Size_Control\area05\MP_05fa.scp cp932
map\Final_Size_Control\area05\MP_05fb.scp cp932
map\Final_Size_Control\area05\MP_05fd.scp cp932
map\Final_Size_Control\area05\僐僺乕乮僇儊儔傾儞僌儖廋惓捈慜乯 乣 MP_0598.scp cp932
map\Final_Size_Control\area06\MP_0601.scp cp932
map\Final_Size_Control\area06\MP_0602.scp cp932
map\Final_Size_Control\area06\MP_0603.scp cp932
map\Final_Size_Control\area06\MP_0604.scp cp932
map\Final_Size_Control\area06\MP_0605.scp cp932
map\Final_Size_Control\area06\MP_0606.scp cp932
map\Final_Size_Control\area06\MP_0610.scp cp932
map\Final_Size_Control\area06\MP_0611.scp cp932
map\Final_Size_Control\area06\MP_0613.scp cp932
map\Final_Size_Control\area06\MP_0616.scp cp932
map\Final_Size_Control\area06\MP_0618.scp cp932
map\Final_Size_Control\area06\MP_0621.scp cp932
map\Final_Size_Control\area06\MP_0625.scp cp932
map\Final_Size_Control\area06\MP_0626.scp cp932
map\Final_Size_Control\area06\MP_0627.scp cp932
map\Final_Size_Control\area06\MP_0630.scp cp932
map\Final_Size_Control\area06\MP_0633.scp cp932
map\Final_Size_Control\area06\MP_0638.scp cp932
map\Final_Size_Control\area06\MP_0639.scp cp932
map\Final_Size_Control\area06\MP_0640.scp cp932
map\Final_Size_Control\area06\MP_0641.scp cp932
map\Final_Size_Control\area06\MP_0653.scp cp932
map\Final_Size_Control\area06\MP_0655.scp cp932
map\Final_Size_Control\area06\MP_0663.scp cp932
map\Final_Size_Control\area06\MP_0665.scp cp932
map\Final_Size_Control\area06\MP_0667.scp cp932
map\Final_Size_Control\area06\MP_0669.scp cp932
map\Final_Size_Control\area06\MP_0670.scp cp932
map\Final_Size_Control\area06\MP_0672.scp cp932
map\Final_Size_Control\area06\MP_0674.scp cp932
map\Final_Size_Control\area06\MP_0675.scp cp932
map\Final_Size_Control\area06\MP_0683.scp cp932
map\Final_Size_Control\area06\MP_0684.scp cp932
map\Final_Size_Control\area06\MP_0685.scp cp932
map\Final_Size_Control\area06\MP_0686.scp cp932
map\Final_Size_Control\area06\MP_0686__.scp cp932
map\Final_Size_Control\area06\MP_0698.scp cp932
map\Final_Size_Control\area06\僐僺乕 (2) 乣 MP_0699.scp cp932
map\Final_Size_Control\area06\僐僺乕 (3) 乣 MP_0699.scp cp932
map\Final_Size_Control\area06\僐僺乕 乣 MP_0684.scp cp932
map\Final_Size_Control\area06\僐僺乕 乣 MP_0685.scp cp932
map\Final_Size_Control\area06\僐僺乕 乣 MP_0686.scp cp932
map\Final_Size_Control\area07\MP_0700.scp cp932
map\Final_Size_Control\area07\MP_0710.scp cp932
map\Final_Size_Control\area07\MP_0713.scp cp932
map\Final_Size_Control\area07\MP_0714.scp cp932
map\Final_Size_Control\area07\MP_0715.scp cp932
map\Final_Size_Control\area07\MP_0716.scp cp932
map\Final_Size_Control\area07\MP_0718.scp cp932
map\Final_Size_Control\area07\MP_0720.scp cp932
map\Final_Size_Control\area07\MP_0722.scp cp932
map\Final_Size_Control\area07\MP_0724.scp cp932
map\Final_Size_Control\area07\MP_0726.scp cp932
map\Final_Size_Control\area07\MP_0727.scp cp932
map\Final_Size_Control\area07\MP_0728.scp cp932
map\Final_Size_Control\area07\MP_0733.scp cp932
map\Final_Size_Control\area07\MP_0735.scp cp932
map\Final_Size_Control\area07\MP_0746.scp cp932
map\Final_Size_Control\area07\MP_0747.scp cp932
map\Final_Size_Control\area07\MP_0749.scp cp932
map\Final_Size_Control\area07\MP_0750.scp cp932
map\Final_Size_Control\area07\MP_0751.scp cp932
map\Final_Size_Control\area07\MP_0752.scp cp932
map\Final_Size_Control\area07\MP_0754.scp cp932
map\Final_Size_Control\area07\MP_0756.scp cp932
map\Final_Size_Control\area07\MP_0757.scp cp932
map\Final_Size_Control\area07\MP_0760.scp cp932
map\Final_Size_Control\area07\MP_0765.scp cp932
map\Final_Size_Control\area07\MP_0766.scp cp932
map\Final_Size_Control\area07\MP_0767.scp cp932
map\Final_Size_Control\area07\MP_0768.scp cp932
map\Final_Size_Control\area07\MP_0790.scp cp932
map\Final_Size_Control\area07\MP_0798.scp cp932
map\Final_Size_Control\area07\MP_0799.scp cp932
map\Final_Size_Control\area07\傎傫傕偺_MP_0754.scp cp932
map\Final_Size_Control\area07\僐僺乕乮僇乕僪擖庤墘弌柍偟Ver乯 乣 MP_0714.scp cp932
map\Final_Size_Control\area07\僶僌僠僃僢僋梡_MP_0754.scp cp932
map\Final_Size_Control\area08\MP_0800.scp cp932
map\Final_Size_Control\area08\MP_0810.scp cp932
map\Final_Size_Control\area08\MP_0811.scp cp932
map\Final_Size_Control\area08\MP_0812.scp cp932
map\Final_Size_Control\area08\MP_0813.scp cp932
map\Final_Size_Control\area08\MP_0816.scp cp932
map\Final_Size_Control\area08\MP_0821.scp cp932
map\Final_Size_Control\area08\MP_0825.scp cp932
map\Final_Size_Control\area08\MP_082a.scp cp932
map\Final_Size_Control\area08\MP_082c.scp cp932
map\Final_Size_Control\area08\MP_082d.scp cp932
map\Final_Size_Control\area08\MP_0833.scp cp932
map\Final_Size_Control\area08\MP_083c.scp cp932
map\Final_Size_Control\area08\MP_083d.scp cp932
map\Final_Size_Control\area08\MP_0851.scp cp932
map\Final_Size_Control\area08\MP_0854.scp cp932
map\Final_Size_Control\area08\MP_0855.scp cp932
map\Final_Size_Control\area08\MP_0856.scp cp932
map\Final_Size_Control\area08\MP_0858.scp cp932
map\Final_Size_Control\area08\MP_0859.scp cp932
map\Final_Size_Control\area08\MP_0860.scp cp932
map\Final_Size_Control\area08\MP_0861.scp cp932
map\Final_Size_Control\area08\MP_0870.scp cp932
map\Final_Size_Control\area08\MP_0871.scp cp932
map\Final_Size_Control\area08\MP_0872.scp cp932
map\Final_Size_Control\area08\MP_0873.scp cp932
map\Final_Size_Control\area08\MP_087a.scp cp932
map\Final_Size_Control\area08\MP_087c.scp cp932
map\Final_Size_Control\area08\MP_0880.scp cp932
map\Final_Size_Control\area08\MP_0881.scp cp932
map\Final_Size_Control\area08\MP_0899.scp cp932
map\Final_Size_Control\area09\MP_0919.scp cp932
map\Final_Size_Control\area09\MP_0920.scp cp932
map\Final_Size_Control\area09\MP_0921.scp cp932
map\Final_Size_Control\area09\MP_0922.scp cp932
map\Final_Size_Control\area09\MP_0949.scp cp932
map\Final_Size_Control\area09\MP_0950.scp cp932
map\Final_Size_Control\area09\MP_0951.scp cp932
map\Final_Size_Control\area09\MP_0952.scp cp932
map\Final_Size_Control\area09\MP_0996.scp cp932
map\Final_Size_Control\area09\MP_0998.scp cp932
map\Final_Size_Control\area09\MP_0998_sample.scp cp932
map\Final_Size_Control\area09\MP_0998_曐懚.scp cp932
map\Final_Size_Control\area09\MP_09a0.scp cp932
map\Final_Size_Control\area09\MP_09a1.scp cp932
map\Final_Size_Control\area09\MP_09a4.scp cp932
map\Final_Size_Control\area09\MP_09a5.scp cp932
map\Final_Size_Control\area09\MP_09a6.scp cp932
map\Final_Size_Control\area09\MP_09a9.scp cp932
map\Final_Size_Control\area09\MP_09ad.scp cp932
map\Final_Size_Control\area09\MP_09b1.scp cp932
map\Final_Size_Control\area09\MP_09b2.scp cp932
map\Final_Size_Control\area09\MP_09b5.scp cp932
map\Final_Size_Control\area09\MP_09b6.scp cp932
map\Final_Size_Control\area09\MP_09b8.scp cp932
map\Final_Size_Control\area09\MP_09bb.scp cp932
map\Final_Size_Control\area09\MP_09bf.scp cp932
map\Final_Size_Control\area09\MP_09c1.scp cp932
map\Final_Size_Control\area09\MP_09c2.scp cp932
map\Final_Size_Control\area09\MP_09c3.scp cp932
map\Final_Size_Control\area09\MP_09c5.scp cp932
map\Final_Size_Control\area09\MP_09c6.scp cp932
map\Final_Size_Control\area09\僐僺乕 乣 MP_0998.scp cp932
map\Final_Size_Control\area10\MP_1001.scp cp932
map\Final_Size_Control\area10\MP_1002.scp cp932
map\Final_Size_Control\area10\MP_1003.scp cp932
map\Final_Size_Control\area10\MP_1005.scp cp932
map\Final_Size_Control\area10\MP_1006.scp cp932
map\Final_Size_Control\area10\MP_1009.scp cp932
map\Final_Size_Control\area10\僪儃儖僓乕僌儌乕僔儑儞捛壛慜MP_1009.scp cp932
map\Final_Size_Control\area10\僪儃愴捛壛捈慜 - MP_1009.scp cp932
map\Final_Size_Control\area10\廋惓MP_1009.scp cp932
map\额外修正\MP_0087.scp cp932
Map_name\area00.inf cp932
Map_name\area05.inf cp932
Map_name\area06.inf cp932
Map_name\area07.inf cp932
Map_name\area08.inf cp932
Map_name\area09.inf cp932
Map_name\area10.inf cp932
